{"logo.png":{"newName":"logo.0f278ffd46a4687731ccad34403db8f9.png","height":0,"size":1577,"dependencies":[]},"test.css":{"newName":"test.84b6cd3d11e54bb8da24e6730ab64c98.css","height":1,"size":148,"dependencies":["logo.png"]},"test.html":{"newName":"test.feb3c900f814c0639e40df5d2979f1b0.html","height":2,"size":275,"dependencies":["test.css","logo.png"]}}