{"html/test.html":{"newName":"html/test.d07ed32af89878bea47c99d013a1ff8e.html","height":2,"size":216,"dependencies":["styles/test.css"]},"styles/test.css":{"newName":"styles/test.3737bcbcc44c7f9ef9c7165a6bb6e45c.css","height":1,"size":98,"dependencies":["images/logo.png"]},"images/logo.png":{"newName":"images/logo.0f278ffd46a4687731ccad34403db8f9.png","height":0,"size":1577,"dependencies":[]},"js/test.js":{"newName":"js/test.dd94590013979663c5b68a380fe5a011.js","height":2,"size":229,"dependencies":["styles/test.css","images/logo.png"]}}