{"logo.png":{"newName":"logo.0f278ffd46a4687731ccad34403db8f9.png","height":0,"size":1577,"dependencies":[]},"logo2x.png":{"newName":"logo2x.0f278ffd46a4687731ccad34403db8f9.png","height":0,"size":1577,"dependencies":[]},"test.html":{"newName":"test.41a9a5d48988a22b4f84acbaf5628e32.html","height":1,"size":317,"dependencies":["logo2x.png","logo.png"]}}