<!DOCTYPE html>
<html>
<head>
    <title>Test</title>
</head>
<body>
    <a href="logo2x.0f278ffd46a4687731ccad34403db8f9.png">
        <img src="logo.0f278ffd46a4687731ccad34403db8f9.png" srcset="logo.0f278ffd46a4687731ccad34403db8f9.png 1x,logo2x.0f278ffd46a4687731ccad34403db8f9.png 2x">
    </a>
</body>
</html>