<!DOCTYPE html>
<html>
<head>
    <title>Test</title>
	<link rel="stylesheet" href="//mycdn.com/files/styles/test.3d3b70b93d03671057635c525a8f61c6.css" />
</head>
<body>
    <div class="logo"></div>
</body>
</html>
