{"logo.png":{"newName":"logo.0f278ffd46a4687731ccad34403db8f9.png","height":0,"size":1577,"dependencies":[]},"test.css":{"newName":"test.84b6cd3d11e54bb8da24e6730ab64c98.css","height":1,"size":148,"dependencies":["logo.png"]},"test.html":{"newName":"test.d1b884b3bf1aa219379c0630b7c846cf.html","height":1,"size":198,"dependencies":["logo.png"]}}