{"html/test.html":{"newName":"html/test.aef7a5f248580843533a7cd02f251482.html","height":2,"size":201,"dependencies":["styles/test.css"]},"styles/test.css":{"newName":"styles/test.293101dfbe1fcd39bcc252c94a870365.css","height":1,"size":83,"dependencies":["images/logo.png"]},"images/logo.png":{"newName":"images/logo.0f278ffd46a4687731ccad34403db8f9.png","height":0,"size":1577,"dependencies":[]},"js/test.js":{"newName":"js/test.79f28ef04b11a67f8bacdbf5c139e73f.js","height":2,"size":228,"dependencies":["styles/test.css","images/logo.png"]}}