<!DOCTYPE html>
<html>
<head>
    <title>Test</title>
	<link rel="stylesheet" href="styles/test.8353b64a6f28694a673352d784068917.css" />
</head>
<body>
    <div class="logo"></div>
</body>
</html>
